C51 COMPILER V9.51   MAIN                                                                  07/01/2022 13:56:05 PAGE 1   


C51 COMPILER V9.51, COMPILATION OF MODULE MAIN
OBJECT MODULE PLACED IN .\output\main.obj
COMPILER INVOKED BY: D:\KEIL MDK\C51\BIN\C51.EXE source\main.c BROWSE INCDIR(.\inc) DEBUG OBJECTEXTEND PRINT(.\list\main
                    -.lst) OBJECT(.\output\main.obj)

line level    source

   1          #include "STC15F2K60S2.H"        //必须。
   2          #include "sys.H"                 //必须。
   3          #include "StepMotor.H"
   4          #include "displayer.h"
   5          code unsigned long SysClock=11059200;         //必须。定义系统工作时钟频率(Hz)，用户必须修改成与实际工作频
             -率（下载时选择的）一致
   6          
   7          
   8          
   9          void main() 
  10          {   
  11   1              StepMotorInit();
  12   1              DisplayerInit();
  13   1              SetStepMotor(enumStepMotor2,10,10000);
  14   1              SetDisplayerArea(0, 7); // 必须
  15   1              
  16   1              MySTC_Init();       
  17   1              while(1)                
  18   1              { 
  19   2                      MySTC_OS();    
  20   2              }                    
  21   1      }                 


MODULE INFORMATION:   STATIC OVERLAYABLE
   CODE SIZE        =     32    ----
   CONSTANT SIZE    =      4    ----
   XDATA SIZE       =   ----    ----
   PDATA SIZE       =   ----    ----
   DATA SIZE        =   ----    ----
   IDATA SIZE       =   ----    ----
   BIT SIZE         =   ----    ----
END OF MODULE INFORMATION.


C51 COMPILATION COMPLETE.  0 WARNING(S),  0 ERROR(S)
